
Merging program properties

Removed property 0xc0000002 to merge hal.o (0x3) and _hal.o (not found)
Removed property 0xc0000002 to merge hal.o (not found) and vgastr.o (0x3)
Removed property 0xc0000002 to merge hal.o (not found) and stdio.o (0x3)
Removed property 0xc0000002 to merge hal.o (not found) and string.o (0x3)
Removed property 0xc0000002 to merge hal.o (not found) and utils.o (0x3)
Removed property 0xc0000002 to merge hal.o (not found) and platform.o (0x3)
Removed property 0xc0000002 to merge hal.o (not found) and memory.o (0x3)
Removed property 0xc0000002 to merge hal.o (not found) and interrupt.o (0x3)
Removed property 0xc0000002 to merge hal.o (not found) and global.o (0x3)
Removed property 0xc0000002 to merge hal.o (not found) and allocate.o (0x3)

Discarded input sections

 .note.gnu.property
                0x0000000000000000       0x20 hal.o
 .note.gnu.property
                0x0000000000000000       0x20 vgastr.o
 .note.gnu.property
                0x0000000000000000       0x20 stdio.o
 .note.gnu.property
                0x0000000000000000       0x20 string.o
 .note.gnu.property
                0x0000000000000000       0x20 utils.o
 .note.gnu.property
                0x0000000000000000       0x20 platform.o
 .note.gnu.property
                0x0000000000000000       0x20 memory.o
 .note.gnu.property
                0x0000000000000000       0x20 interrupt.o
 .note.gnu.property
                0x0000000000000000       0x20 global.o
 .note.gnu.property
                0x0000000000000000       0x20 allocate.o

Memory Configuration

Name             Origin             Length             Attributes
*default*        0x0000000000000000 0xffffffffffffffff

Linker script and memory map

                0x0000000002000000                LINEAR_ADDRESS = 0x2000000
                0xffff800000000000                VIRTUAL_ADDRESS = 0xffff800000000000
                0x0000000002000000                . = LINEAR_ADDRESS
                0xffff800002000000                __start_kernel = (. + VIRTUAL_ADDRESS)
                0x0000000002000000                __begin_start_text = .

.start.text     0x0000000002000000       0xbe
 *(.start.text)
 .start.text    0x0000000002000000       0xbe _hal.o
                0x0000000002000000                _start
                0x00000000020000be                __end_start_text = .
                0x00000000020000be                __begin_start_data = .

.start.data     0x00000000020000c0       0x32
 *(.start.data)
 .start.data    0x00000000020000c0       0x32 _hal.o
                0x00000000020000f2                __end_start_data = .
                0x00000000020000f2                __begin_start_data_pml4 = .

.start.data.pml4
 *(.start.data.pml4)
                0x00000000020000f2                __end_start_data_pml4 = .
                0xffff8000020000f2                . = (. + VIRTUAL_ADDRESS)
                0xffff8000020000f2                __begin_entry64_text = .

.entry64.text
 *(.entry64.text)
                0xffff8000020000f2                __end_entry64_text = .
                0xffff8000020000f2                __begin_hwint_text = .

.hwint.text
 *(.hwint.text)
                0xffff8000020000f2                __end_hwint_text = .
                0xffff8000020000f2                __begin_sirq_text = .

.sirq.text
 *(.sirq.sirq)
                0xffff8000020000f2                __end_sirq_text = .
                0xffff8000020000f2                __begin_scall_text = .

.scall.text
 *(.scall.text)
                0xffff8000020000f2                __end_scall_text = .
                0xffff8000020000f2                __begin_sched_text = .

.sched.text
 *(.sched.text)
                0xffff8000020000f2                __end_sched_text = .
                0xffff8000020000f2                __begin_fs_text = .

.fs.text
 *(.fs.text)
                0xffff8000020000f2                __end_fs_text = .
                0xffff8000020000f2                __begin_drive_text = .

.drive.text
 *(.drive.text)
                0xffff8000020000f2                __end_drive_text = .
                0xffff8000020000f2                __begin_text = .

.text           0xffff8000020000f4     0x1bed load address 0x00000000020000f4
 *(.text)
 *fill*         0xffff8000020000f4        0xc 
 .text          0xffff800002000100      0x12d hal.o
                0xffff800002000100                hal_entry
 *fill*         0xffff80000200022d        0x3 
 .text          0xffff800002000230      0x503 vgastr.o
                0xffff800002000230                init_cursor
                0xffff800002000260                close_cursor
                0xffff800002000280                open_cursor
                0xffff800002000290                set_cursor
                0xffff800002000300                clear_screen
                0xffff800002000380                scroll_screen
                0xffff8000020003f0                read_string
                0xffff800002000400                write_string
 *fill*         0xffff800002000733        0xd 
 .text          0xffff800002000740      0x7cb stdio.o
                0xffff800002000bb0                sscank
                0xffff800002000c70                scank
                0xffff800002000d50                sprintk
                0xffff800002000e10                printk
 *fill*         0xffff800002000f0b        0x5 
 .text          0xffff800002000f10       0xf6 string.o
                0xffff800002000f10                strcmp
                0xffff800002000f60                strcpy
                0xffff800002000f90                strlen
                0xffff800002000fc0                strcat
 *fill*         0xffff800002001006        0xa 
 .text          0xffff800002001010      0x1f9 utils.o
                0xffff800002001010                die
                0xffff800002001090                utf_to_unicode
                0xffff8000020010a0                unicode_to_utf8
                0xffff8000020010b0                checksum_crc32
                0xffff800002001110                checksum_crc64
                0xffff800002001170                error
                0xffff8000020011c0                warning
 *fill*         0xffff800002001209        0x7 
 .text          0xffff800002001210      0x2cc platform.o
                0xffff800002001210                platform_init
                0xffff8000020012a0                platform_display
 *fill*         0xffff8000020014dc        0x4 
 .text          0xffff8000020014e0      0x26c memory.o
                0xffff8000020014e0                memory_init
                0xffff800002001670                memory_display
 *fill*         0xffff80000200174c        0x4 
 .text          0xffff800002001750       0x19 interrupt.o
                0xffff800002001750                interrupt_init
                0xffff800002001760                interrupt_display
 .text          0xffff800002001769        0x0 global.o
 *fill*         0xffff800002001769        0x7 
 .text          0xffff800002001770      0x571 allocate.o
                0xffff800002001810                allocate_init
                0xffff800002001860                allocate_display
                0xffff800002001aa0                allocate
                0xffff800002001ba0                reserve
                0xffff800002001c10                release
                0xffff800002001ce1                __end_text = .
                0xffff800002001ce1                __begin_spinlock_text = .

.iplt           0xffff800002001ce1        0x0 load address 0x0000000002001ce1
 .iplt          0xffff800002001ce1        0x0 _hal.o

.spinlock.text
 *(.spinlock.text)
                0xffff800002001ce1                __end_spinlock_text = .
                0xffff800002001ce1                __begin_init_text = .

.init.text
 *(.init.text)
                0xffff800002001ce1                __end_init_text = .
                0xffff800002001ce1                __begin_driver_entry_text = .

.drventry.text
 *(.drventry.text)
                0xffff800002001ce1                __end_driver_entry_text = .
                0xffff800002001ce1                __begin_data = .

.data           0xffff800002001ce4       0xc4 load address 0x0000000002001ce4
 *(.data)
 .data          0xffff800002001ce4        0x0 hal.o
 *fill*         0xffff800002001ce4        0x4 
 .data          0xffff800002001ce8        0x8 vgastr.o
 .data          0xffff800002001cf0        0x0 stdio.o
 .data          0xffff800002001cf0        0x0 string.o
 .data          0xffff800002001cf0        0x0 utils.o
 .data          0xffff800002001cf0        0x0 platform.o
 .data          0xffff800002001cf0        0x0 memory.o
 .data          0xffff800002001cf0        0x0 interrupt.o
 .data          0xffff800002001cf0        0x0 global.o
 .data          0xffff800002001cf0       0x18 allocate.o
 *(.bss)
 .bss           0xffff800002001d08        0x0 hal.o
 .bss           0xffff800002001d08        0x0 vgastr.o
 .bss           0xffff800002001d08        0x0 stdio.o
 .bss           0xffff800002001d08        0x0 string.o
 .bss           0xffff800002001d08        0x0 utils.o
 .bss           0xffff800002001d08        0x0 platform.o
 .bss           0xffff800002001d08        0x0 memory.o
 .bss           0xffff800002001d08        0x0 interrupt.o
 *fill*         0xffff800002001d08       0x18 
 .bss           0xffff800002001d20       0x88 global.o
                0xffff800002001d20                machine
 .bss           0xffff800002001da8        0x0 allocate.o
                0xffff800002001da8                __end_data = .
                0xffff800002001da8                __begin_rodata = .

.got            0xffff800002001da8        0x8 load address 0x0000000002001da8
 .got           0xffff800002001da8        0x8 _hal.o

.got.plt        0xffff800002001db0       0x18 load address 0x0000000002001db0
 .got.plt       0xffff800002001db0       0x18 _hal.o
                0xffff800002001db0                _GLOBAL_OFFSET_TABLE_

.igot.plt       0xffff800002001dc8        0x0 load address 0x0000000002001dc8
 .igot.plt      0xffff800002001dc8        0x0 _hal.o

.rodata         0xffff800002001dc8      0x2e9 load address 0x0000000002001dc8
 *(.rodata)
 .rodata        0xffff800002001dc8       0x30 vgastr.o
 .rodata        0xffff800002001df8       0xb8 stdio.o
 .rodata        0xffff800002001eb0       0x30 utils.o
 *(.rodata.*)
 .rodata.str1.8
                0xffff800002001ee0       0x9f hal.o
 .rodata.str1.1
                0xffff800002001f7f       0x11 stdio.o
 .rodata.str1.1
                0xffff800002001f90       0xe3 platform.o
 *fill*         0xffff800002002073        0x5 
 .rodata.str1.8
                0xffff800002002078       0x22 memory.o
 .rodata.str1.1
                0xffff80000200209a       0xe3 memory.o
                                          0xa (size before relaxing)
 .rodata.str1.1
                0xffff80000200209a       0x17 allocate.o
                                         0x2a (size before relaxing)
                0xffff8000020020b1                __end_rodata = .
                0xffff8000020020b1                __begin_kstrtab = .

.eh_frame       0xffff8000020020b8      0x504 load address 0x00000000020020b8
 .eh_frame      0xffff8000020020b8       0x48 hal.o
 .eh_frame      0xffff800002002100       0xe0 vgastr.o
                                         0xf8 (size before relaxing)
 .eh_frame      0xffff8000020021e0       0xd0 stdio.o
                                         0xe8 (size before relaxing)
 .eh_frame      0xffff8000020022b0       0x50 string.o
                                         0x68 (size before relaxing)
 .eh_frame      0xffff800002002300       0xa8 utils.o
                                         0xc0 (size before relaxing)
 .eh_frame      0xffff8000020023a8       0x48 platform.o
                                         0x60 (size before relaxing)
 .eh_frame      0xffff8000020023f0       0x78 memory.o
                                         0x90 (size before relaxing)
 .eh_frame      0xffff800002002468       0x28 interrupt.o
                                         0x40 (size before relaxing)
 .eh_frame      0xffff800002002490      0x12c allocate.o
                                        0x148 (size before relaxing)

.rela.dyn       0xffff8000020025c0        0x0 load address 0x00000000020025c0
 .rela.got      0xffff8000020025c0        0x0 _hal.o
 .rela.iplt     0xffff8000020025c0        0x0 _hal.o

.kstrtab
 *(.kstrtab)
                0xffff8000020025bc                __end_kstrtab = .
                0xffff8000020025bc                __begin_apboot_text = .

.apboot.text
 *(.apboot.text)
                0xffff8000020025bc                __end_apboot_text = .
                0xffff8000020025bc                __begin_apboot_data = .

.apboot.data
 *(.apboot.data)
                0xffff8000020025bc                __end_apboot_data = .
                0xffff8000020025bc                __begin_kmodsattrb_data = .

.kmodsattrbdata
 *(.kmodsattrbdata)
                0xffff8000020025bc                __end_kmodsattrb_data = .

.krnl.krnend
 *(.krnl.krnend)
                0xffff8000020025bc                __end_kernel = .
LOAD _hal.o
LOAD hal.o
LOAD vgastr.o
LOAD stdio.o
LOAD string.o
LOAD utils.o
LOAD platform.o
LOAD memory.o
LOAD interrupt.o
LOAD global.o
LOAD allocate.o
OUTPUT(kernel.elf elf64-x86-64)

.note.GNU-stack
                0x0000000000000000        0x0
 .note.GNU-stack
                0x0000000000000000        0x0 hal.o
 .note.GNU-stack
                0x0000000000000000        0x0 vgastr.o
 .note.GNU-stack
                0x0000000000000000        0x0 stdio.o
 .note.GNU-stack
                0x0000000000000000        0x0 string.o
 .note.GNU-stack
                0x0000000000000000        0x0 utils.o
 .note.GNU-stack
                0x0000000000000000        0x0 platform.o
 .note.GNU-stack
                0x0000000000000000        0x0 memory.o
 .note.GNU-stack
                0x0000000000000000        0x0 interrupt.o
 .note.GNU-stack
                0x0000000000000000        0x0 global.o
 .note.GNU-stack
                0x0000000000000000        0x0 allocate.o
