
Memory Configuration

Name             Origin             Length             Attributes
*default*        0x0000000000000000 0xffffffffffffffff

Linker script and memory map

                0x0000000000001000                . = 0x1000
                0x0000000000001000                __start_ldr = .
                0x0000000000001000                __begin_start_text = .

.start.text
 *(.start.text)
                0x0000000000001000                __end_start_text = .
                0x0000000000001000                __begin_text = .

.text           0x0000000000001000      0x138
 *(.text)
 .text          0x0000000000001000      0x138 _bios.o
                0x0000000000001000                _start
                0x0000000000001138                __end_text = .
                0x0000000000001138                __begin_data = .

.iplt           0x0000000000001138        0x0
 .iplt          0x0000000000001138        0x0 _bios.o

.rel.dyn        0x0000000000001138        0x0
 .rel.got       0x0000000000001138        0x0 _bios.o
 .rel.iplt      0x0000000000001138        0x0 _bios.o

.data
 *(.data)
                0x0000000000001138                __end_data = .
                0x0000000000001138                __begin_rodata = .

.got            0x0000000000001138        0x0
 .got           0x0000000000001138        0x0 _bios.o

.got.plt        0x0000000000001138        0x0
 .got.plt       0x0000000000001138        0x0 _bios.o

.igot.plt       0x0000000000001138        0x0
 .igot.plt      0x0000000000001138        0x0 _bios.o

.rodata
 *(.rodata)
 *(.rodata.*)
                0x0000000000001138                __end_rodata = .
                0x0000000000001138                __begin_kstrtab = .

.kstrtab
 *(.kstrtab)
                0x0000000000001138                __end_kstrtab = .
                0x0000000000001138                __begin_bss = .

.bss
 *(.bss)
                0x0000000000001138                __end_bss = .
                0x0000000000001138                __end_ldr = .
LOAD _bios.o
OUTPUT(bios.elf elf32-i386)
