
Merging program properties

Removed property 0xc0000002 to merge loader.o (0x3) and _loader.o (not found)
Removed property 0xc0000002 to merge loader.o (not found) and mmu.o (0x3)
Removed property 0xc0000002 to merge loader.o (not found) and vgastr.o (0x3)
Removed property 0xc0000002 to merge loader.o (not found) and graph.o (0x3)
Removed property 0xc0000002 to merge loader.o (not found) and cpu.o (0x3)
Removed property 0xc0000002 to merge loader.o (not found) and disk.o (0x3)
Removed property 0xc0000002 to merge loader.o (not found) and acpi.o (0x3)
Removed property 0xc0000002 to merge loader.o (not found) and e820.o (0x3)
Removed property 0xc0000002 to merge loader.o (not found) and machine.o (0x3)
Removed property 0xc0000002 to merge loader.o (not found) and image.o (0x3)
Removed property 0xc0000002 to merge loader.o (not found) and stdio.o (0x3)
Removed property 0xc0000002 to merge loader.o (not found) and string.o (0x3)
Removed property 0xc0000002 to merge loader.o (not found) and utils.o (0x3)
Removed property 0xc0000002 to merge loader.o (not found) and allocate.o (0x3)

Discarded input sections

 .group         0x0000000000000000        0x8 loader.o
 .note.gnu.property
                0x0000000000000000       0x1c loader.o
 .group         0x0000000000000000        0x8 mmu.o
 .text.__x86.get_pc_thunk.bx
                0x0000000000000000        0x4 mmu.o
 .note.gnu.property
                0x0000000000000000       0x1c mmu.o
 .group         0x0000000000000000        0x8 vgastr.o
 .group         0x0000000000000000        0x8 vgastr.o
 .text.__x86.get_pc_thunk.bx
                0x0000000000000000        0x4 vgastr.o
 .note.gnu.property
                0x0000000000000000       0x1c vgastr.o
 .group         0x0000000000000000        0x8 graph.o
 .text.__x86.get_pc_thunk.bx
                0x0000000000000000        0x4 graph.o
 .note.gnu.property
                0x0000000000000000       0x1c graph.o
 .group         0x0000000000000000        0x8 cpu.o
 .group         0x0000000000000000        0x8 cpu.o
 .text.__x86.get_pc_thunk.bx
                0x0000000000000000        0x4 cpu.o
 .note.gnu.property
                0x0000000000000000       0x1c cpu.o
 .group         0x0000000000000000        0x8 disk.o
 .text.__x86.get_pc_thunk.bx
                0x0000000000000000        0x4 disk.o
 .note.gnu.property
                0x0000000000000000       0x1c disk.o
 .group         0x0000000000000000        0x8 acpi.o
 .text.__x86.get_pc_thunk.bx
                0x0000000000000000        0x4 acpi.o
 .note.gnu.property
                0x0000000000000000       0x1c acpi.o
 .group         0x0000000000000000        0x8 e820.o
 .text.__x86.get_pc_thunk.bx
                0x0000000000000000        0x4 e820.o
 .note.gnu.property
                0x0000000000000000       0x1c e820.o
 .group         0x0000000000000000        0x8 machine.o
 .text.__x86.get_pc_thunk.bx
                0x0000000000000000        0x4 machine.o
 .note.gnu.property
                0x0000000000000000       0x1c machine.o
 .group         0x0000000000000000        0x8 image.o
 .text.__x86.get_pc_thunk.bx
                0x0000000000000000        0x4 image.o
 .note.gnu.property
                0x0000000000000000       0x1c image.o
 .group         0x0000000000000000        0x8 stdio.o
 .group         0x0000000000000000        0x8 stdio.o
 .group         0x0000000000000000        0x8 stdio.o
 .text.__x86.get_pc_thunk.bx
                0x0000000000000000        0x4 stdio.o
 .text.__x86.get_pc_thunk.bp
                0x0000000000000000        0x4 stdio.o
 .note.gnu.property
                0x0000000000000000       0x1c stdio.o
 .note.gnu.property
                0x0000000000000000       0x1c string.o
 .group         0x0000000000000000        0x8 utils.o
 .group         0x0000000000000000        0x8 utils.o
 .text.__x86.get_pc_thunk.ax
                0x0000000000000000        0x4 utils.o
 .text.__x86.get_pc_thunk.bx
                0x0000000000000000        0x4 utils.o
 .note.gnu.property
                0x0000000000000000       0x1c utils.o
 .group         0x0000000000000000        0x8 allocate.o
 .group         0x0000000000000000        0x8 allocate.o
 .group         0x0000000000000000        0x8 allocate.o
 .group         0x0000000000000000        0x8 allocate.o
 .text.__x86.get_pc_thunk.ax
                0x0000000000000000        0x4 allocate.o
 .text.__x86.get_pc_thunk.bx
                0x0000000000000000        0x4 allocate.o
 .text.__x86.get_pc_thunk.si
                0x0000000000000000        0x4 allocate.o
 .note.gnu.property
                0x0000000000000000       0x1c allocate.o

Memory Configuration

Name             Origin             Length             Attributes
*default*        0x0000000000000000 0xffffffffffffffff

Linker script and memory map

                0x0000000000200000                . = 0x200000
                0x0000000000200000                __start_ldr = .
                0x0000000000200000                __begin_start_text = .

.start.text
 *(.start.text)
                0x0000000000200000                __end_start_text = .
                0x0000000000200000                __begin_text = .

.text           0x0000000000200000     0x1b2c
 *(.text)
 .text          0x0000000000200000       0xaa _loader.o
                0x0000000000200000                _start
                0x0000000000200047                realadr_call_entry
 .text          0x00000000002000aa       0xa7 loader.o
                0x00000000002000aa                pause
                0x00000000002000bc                loader_entry
 .text          0x0000000000200151      0x180 mmu.o
                0x0000000000200151                mmu_init
                0x0000000000200254                mmu_display
 .text          0x00000000002002d1      0x1f1 vgastr.o
                0x00000000002002d1                init_cursor
                0x00000000002002f4                close_cursor
                0x0000000000200309                open_cursor
                0x000000000020030e                set_cursor
                0x0000000000200361                clear_screen
                0x0000000000200389                scroll_screen
                0x00000000002003bd                write_string
 .text          0x00000000002004c2       0x37 graph.o
                0x00000000002004c2                graph_init
                0x00000000002004c7                graph_display
 .text          0x00000000002004f9       0xed cpu.o
                0x00000000002004f9                cpu_init
                0x000000000020059d                cpu_display
 .text          0x00000000002005e6       0x37 disk.o
                0x00000000002005e6                disk_init
                0x00000000002005eb                disk_display
 .text          0x000000000020061d       0x37 acpi.o
                0x000000000020061d                acpi_init
                0x0000000000200622                acpi_display
 .text          0x0000000000200654      0x1e7 e820.o
                0x0000000000200654                e820_init
                0x0000000000200782                e820_display
 .text          0x000000000020083b      0x746 machine.o
                0x000000000020086d                init_machine
                0x0000000000200dcd                display_machine
 .text          0x0000000000200f81      0x273 image.o
                0x0000000000200f81                image_display
                0x00000000002010f9                get_file
                0x00000000002011c2                get_image_file
 .text          0x00000000002011f4      0x33a stdio.o
                0x0000000000201498                sscank
                0x00000000002014ae                scank
                0x00000000002014d4                sprintk
                0x00000000002014ec                printk
 .text          0x000000000020152e       0x8a string.o
                0x000000000020152e                strcmp
                0x0000000000201554                strcpy
                0x0000000000201574                strlen
                0x0000000000201588                strcat
 .text          0x00000000002015b8      0x1a0 utils.o
                0x00000000002015b8                die
                0x0000000000201616                utf_to_unicode
                0x000000000020161f                unicode_to_utf8
                0x0000000000201628                checksum_crc32
                0x0000000000201663                checksum_crc64
                0x00000000002016f6                error
                0x0000000000201728                warning
 .text          0x0000000000201758      0x3d4 allocate.o
                0x00000000002018bb                allocate_init
                0x00000000002018eb                allocate_display
                0x00000000002019ba                allocate
                0x0000000000201a56                reserve
                0x0000000000201aa1                release
                0x0000000000201b2c                __end_text = .
                0x0000000000201b2c                __begin_data = .

.iplt           0x0000000000201b2c        0x0
 .iplt          0x0000000000201b2c        0x0 _loader.o

.text.__x86.get_pc_thunk.bx
                0x0000000000201b2c        0x4
 .text.__x86.get_pc_thunk.bx
                0x0000000000201b2c        0x4 loader.o
                0x0000000000201b2c                __x86.get_pc_thunk.bx

.text.__x86.get_pc_thunk.ax
                0x0000000000201b30        0x4
 .text.__x86.get_pc_thunk.ax
                0x0000000000201b30        0x4 vgastr.o
                0x0000000000201b30                __x86.get_pc_thunk.ax

.text.__x86.get_pc_thunk.bp
                0x0000000000201b34        0x4
 .text.__x86.get_pc_thunk.bp
                0x0000000000201b34        0x4 cpu.o
                0x0000000000201b34                __x86.get_pc_thunk.bp

.text.__x86.get_pc_thunk.si
                0x0000000000201b38        0x4
 .text.__x86.get_pc_thunk.si
                0x0000000000201b38        0x4 stdio.o
                0x0000000000201b38                __x86.get_pc_thunk.si

.text.__x86.get_pc_thunk.cx
                0x0000000000201b3c        0x4
 .text.__x86.get_pc_thunk.cx
                0x0000000000201b3c        0x4 allocate.o
                0x0000000000201b3c                __x86.get_pc_thunk.cx

.data           0x0000000000201b40       0x10
 *(.data)
 .data          0x0000000000201b40        0x0 loader.o
 .data          0x0000000000201b40        0x0 mmu.o
 .data          0x0000000000201b40        0x8 vgastr.o
 .data          0x0000000000201b48        0x0 graph.o
 .data          0x0000000000201b48        0x0 cpu.o
 .data          0x0000000000201b48        0x0 disk.o
 .data          0x0000000000201b48        0x0 acpi.o
 .data          0x0000000000201b48        0x0 e820.o
 .data          0x0000000000201b48        0x0 machine.o
 .data          0x0000000000201b48        0x0 image.o
 .data          0x0000000000201b48        0x0 stdio.o
 .data          0x0000000000201b48        0x0 string.o
 .data          0x0000000000201b48        0x0 utils.o
 .data          0x0000000000201b48        0x8 allocate.o
                0x0000000000201b50                __end_data = .
                0x0000000000201b50                __begin_rodata = .

.got            0x0000000000201b50        0x0
 .got           0x0000000000201b50        0x0 _loader.o

.got.plt        0x0000000000201b50        0xc
 .got.plt       0x0000000000201b50        0xc _loader.o
                0x0000000000201b50                _GLOBAL_OFFSET_TABLE_

.igot.plt       0x0000000000201b5c        0x0
 .igot.plt      0x0000000000201b5c        0x0 _loader.o

.rodata         0x0000000000201b5c      0xdc5
 *(.rodata)
 .rodata        0x0000000000201b5c       0x18 vgastr.o
 .rodata        0x0000000000201b74       0x48 stdio.o
 .rodata        0x0000000000201bbc       0x30 utils.o
 *(.rodata.*)
 .rodata.str1.1
                0x0000000000201bec       0x9c loader.o
                                         0x9d (size before relaxing)
 .rodata.str1.1
                0x0000000000201c88       0xe6 mmu.o
 .rodata.str1.1
                0x0000000000201d6e       0x9e graph.o
 .rodata.str1.1
                0x0000000000201e0c      0x120 cpu.o
 .rodata.str1.1
                0x0000000000201f2c       0x9e disk.o
 .rodata.str1.1
                0x0000000000201fca       0x9e acpi.o
 .rodata.str1.1
                0x0000000000202068      0x11b e820.o
                                        0x132 (size before relaxing)
 .rodata.str1.1
                0x0000000000202183      0x602 machine.o
                                        0x623 (size before relaxing)
 .rodata.str1.1
                0x0000000000202785      0x15f image.o
                                        0x165 (size before relaxing)
 .rodata.str1.1
                0x00000000002028e4       0x11 stdio.o
 .rodata.str1.1
                0x00000000002028f5       0x2c allocate.o
                                         0x3f (size before relaxing)
                0x0000000000202921                __end_rodata = .
                0x0000000000202921                __begin_kstrtab = .

.eh_frame       0x0000000000202924      0xcec
 .eh_frame      0x0000000000202924       0x8c loader.o
 .eh_frame      0x00000000002029b0       0x94 mmu.o
                                         0xc0 (size before relaxing)
 .eh_frame      0x0000000000202a44       0xf8 vgastr.o
                                        0x124 (size before relaxing)
 .eh_frame      0x0000000000202b3c       0x38 graph.o
                                         0x64 (size before relaxing)
 .eh_frame      0x0000000000202b74       0x94 cpu.o
                                         0xc0 (size before relaxing)
 .eh_frame      0x0000000000202c08       0x38 disk.o
                                         0x64 (size before relaxing)
 .eh_frame      0x0000000000202c40       0x38 acpi.o
                                         0x64 (size before relaxing)
 .eh_frame      0x0000000000202c78       0xd8 e820.o
                                        0x104 (size before relaxing)
 .eh_frame      0x0000000000202d50      0x2b0 machine.o
                                        0x2dc (size before relaxing)
 .eh_frame      0x0000000000203000      0x190 image.o
                                        0x1bc (size before relaxing)
 .eh_frame      0x0000000000203190      0x164 stdio.o
                                        0x1a4 (size before relaxing)
 .eh_frame      0x00000000002032f4       0x60 string.o
                                         0x78 (size before relaxing)
 .eh_frame      0x0000000000203354       0xf8 utils.o
                                        0x138 (size before relaxing)
 .eh_frame      0x000000000020344c      0x1c4 allocate.o
                                        0x218 (size before relaxing)

.rel.dyn        0x0000000000203610        0x0
 .rel.got       0x0000000000203610        0x0 _loader.o
 .rel.iplt      0x0000000000203610        0x0 _loader.o

.kstrtab
 *(.kstrtab)
                0x0000000000203610                __end_kstrtab = .
                0x0000000000203610                __begin_bss = .

.bss            0x0000000000203610        0x4
 *(.bss)
 .bss           0x0000000000203610        0x0 loader.o
 .bss           0x0000000000203610        0x0 mmu.o
 .bss           0x0000000000203610        0x0 vgastr.o
 .bss           0x0000000000203610        0x0 graph.o
 .bss           0x0000000000203610        0x0 cpu.o
 .bss           0x0000000000203610        0x0 disk.o
 .bss           0x0000000000203610        0x0 acpi.o
 .bss           0x0000000000203610        0x0 e820.o
 .bss           0x0000000000203610        0x0 machine.o
 .bss           0x0000000000203610        0x0 image.o
 .bss           0x0000000000203610        0x0 stdio.o
 .bss           0x0000000000203610        0x0 string.o
 .bss           0x0000000000203610        0x0 utils.o
 .bss           0x0000000000203610        0x4 allocate.o
                0x0000000000203614                __end_bss = .
                0x0000000000203614                __end_ldr = .
LOAD _loader.o
LOAD loader.o
LOAD mmu.o
LOAD vgastr.o
LOAD graph.o
LOAD cpu.o
LOAD disk.o
LOAD acpi.o
LOAD e820.o
LOAD machine.o
LOAD image.o
LOAD stdio.o
LOAD string.o
LOAD utils.o
LOAD allocate.o
OUTPUT(loader.elf elf32-i386)

.note.GNU-stack
                0x0000000000000000        0x0
 .note.GNU-stack
                0x0000000000000000        0x0 loader.o
 .note.GNU-stack
                0x0000000000000000        0x0 mmu.o
 .note.GNU-stack
                0x0000000000000000        0x0 vgastr.o
 .note.GNU-stack
                0x0000000000000000        0x0 graph.o
 .note.GNU-stack
                0x0000000000000000        0x0 cpu.o
 .note.GNU-stack
                0x0000000000000000        0x0 disk.o
 .note.GNU-stack
                0x0000000000000000        0x0 acpi.o
 .note.GNU-stack
                0x0000000000000000        0x0 e820.o
 .note.GNU-stack
                0x0000000000000000        0x0 machine.o
 .note.GNU-stack
                0x0000000000000000        0x0 image.o
 .note.GNU-stack
                0x0000000000000000        0x0 stdio.o
 .note.GNU-stack
                0x0000000000000000        0x0 string.o
 .note.GNU-stack
                0x0000000000000000        0x0 utils.o
 .note.GNU-stack
                0x0000000000000000        0x0 allocate.o
